../Core/Src/main.c:101:5:main	80	static
../Core/Src/main.c:247:6:SystemClock_Config	120	static
../Core/Src/main.c:307:13:MX_ADC1_Init	48	static
../Core/Src/main.c:385:13:MX_SPI1_Init	8	static
../Core/Src/main.c:433:13:MX_TIM7_Init	24	static
../Core/Src/main.c:471:13:MX_UART4_Init	8	static
../Core/Src/main.c:519:13:MX_UART5_Init	8	static
../Core/Src/main.c:567:13:MX_USART1_UART_Init	8	static
../Core/Src/main.c:613:13:MX_DMA_Init	16	static
../Core/Src/main.c:646:13:MX_GPIO_Init	48	static
../Core/Src/main.c:715:6:HAL_TIM_PeriodElapsedCallback	16	static
../Core/Src/main.c:727:6:MPU_Config	24	static
../Core/Src/main.c:758:6:Error_Handler	4	static,ignoring_inline_asm
